// Jest Snapshot v1, https://goo.gl/fbAQLP

exports[`<MessageList /> renders correctly 1`] = `
<div
  class="message-list"
/>
`;
